// Jest Snapshot v1, https://goo.gl/fbAQLP

exports[`Notifications components renders without crashing 1`] = `ShallowWrapper {}`;
