// Jest Snapshot v1, https://goo.gl/fbAQLP

exports[`App components renders without crashing 1`] = `ShallowWrapper {}`;
