// Jest Snapshot v1, https://goo.gl/fbAQLP

exports[`NotificationItem components renders without crashing 1`] = `ShallowWrapper {}`;
