// Jest Snapshot v1, https://goo.gl/fbAQLP

exports[`CourseList components renders CourseList without crashing 1`] = `ShallowWrapper {}`;
